<html>
<body>
<pre>
<h1>礦ision Build Log</h1>
<h2>Tool Versions:</h2>
IDE-Version: μVision V5.21.1.0
Copyright (C) 2016 ARM Ltd and ARM Germany GmbH. All rights reserved.
License Information: 1 A, 1, LIC=----
 
Tool Versions:
Toolchain:       MDK-Lite  Version: 5.21a
Toolchain Path:  C:\Keil_v5\ARM\ARMCC\Bin
C Compiler:      Armcc.exe V5.06 update 3 (build 300)
Assembler:       Armasm.exe V5.06 update 3 (build 300)
Linker/Locator:  ArmLink.exe V5.06 update 3 (build 300)
Library Manager: ArmAr.exe V5.06 update 3 (build 300)
Hex Converter:   FromElf.exe V5.06 update 3 (build 300)
CPU DLL:         SARMCM3.DLL V5.21a
Dialog DLL:      DCM.DLL V1.13.8.0
Target DLL:      STLink\ST-LINKIII-KEIL_SWO.dll V2.0.18.0
Dialog DLL:      TCM.DLL V1.14.14.0
 
<h2>Project:</h2>
E:\Dynamic data\教学工作\2022本科嵌入式系统\DEMO-EXTI-systick等\Project\EID-V2-all\RVMDK\EID-V2.uvprojx
Project File Date:  10/30/2022

<h2>Output:</h2>
*** Using Compiler 'V5.06 update 3 (build 300)', folder: 'C:\Keil_v5\ARM\ARMCC\Bin'
Rebuild target 'STM3210E-EVAL'
compiling stm32f10x_it.c...
..\src\stm32f10x_it.c(139): warning:  #223-D: function "time_handle" declared implicitly
  	time_handle();
..\src\stm32f10x_it.c: 1 warning, 0 errors
compiling systick.c...
..\src\systick.c(27): warning:  #1-D: last line of file ends without a newline
  }
..\src\systick.c: 1 warning, 0 errors
compiling main.c...
..\inc\DigitalTube.h(17): warning:  #1-D: last line of file ends without a newline
  /******END OF FILE****/
..\inc\EXTI.h(17): warning:  #1-D: last line of file ends without a newline
  /******END OF FILE****/
..\src\main.c(70): warning:  #223-D: function "systick_init" declared implicitly
  	systick_init();
..\src\main.c(77): warning:  #111-D: statement is unreachable
  	RS232_test();
..\src\main.c(77): warning:  #223-D: function "RS232_test" declared implicitly
  	RS232_test();
..\src\main.c(81): warning:  #128-D: loop is not reachable
  	while(1);
..\src\main.c: 6 warnings, 0 errors
compiling EXTI.c...
..\inc\DigitalTube.h(17): warning:  #1-D: last line of file ends without a newline
  /******END OF FILE****/
..\inc\EXTI.h(17): warning:  #1-D: last line of file ends without a newline
  /******END OF FILE****/
..\src\EXTI.c: 2 warnings, 0 errors
compiling dma.c...
compiling UART.c...
..\src\UART.c(18): warning:  #177-D: variable "NVIC_InitStructure1" was declared but never referenced
  	NVIC_InitTypeDef NVIC_InitStructure1;
..\src\UART.c(146): warning:  #1-D: last line of file ends without a newline
  }
..\src\UART.c: 2 warnings, 0 errors
compiling stm32f10x_tim.c...
compiling misc.c...
compiling stm32f10x_bkp.c...
compiling stm32f10x_gpio.c...
compiling stm32f10x_rcc.c...
compiling stm32f10x_adc.c...
compiling stm32f10x_can.c...
compiling stm32f10x_dac.c...
compiling stm32f10x_fsmc.c...
compiling stm32f10x_i2c.c...
compiling stm32f10x_spi.c...
compiling stm32f10x_usart.c...
compiling stm32f10x_rtc.c...
assembling startup_stm32f10x_hd.s...
compiling stm32f10x_exti.c...
compiling stm32f10x_pwr.c...
compiling system_stm32f10x.c...
compiling stm32f10x_dma.c...
linking...
Program Size: Code=1104 RO-data=336 RW-data=64 ZI-data=712  
".\Obj\STM3210E-EVAL.axf" - 0 Error(s), 12 Warning(s).

<h2>Collection of Component include folders:</h2>
  E:\Dynamic data\教学工作\2022本科嵌入式系统\DEMO-EXTI-systick等\Project\EID-V2-all\RVMDK\RTE
  C:\Keil_v5\ARM\PACK\Keil\STM32F1xx_DFP\2.1.0\Device\Include

<h2>Collection of Component Files used:</h2>
Build Time Elapsed:  00:00:02
</pre>
</body>
</html>
