<html>
<body>
<pre>
<h1>µVision Build Log</h1>
<h2>Tool Versions:</h2>
IDE-Version: ¦ÌVision V5.21.1.0
Copyright (C) 2016 ARM Ltd and ARM Germany GmbH. All rights reserved.
License Information: 123 chen, abc, LIC=7YKYW-QE0BQ-RFDIZ-JQY6D-D2AWM-8BL90
 
Tool Versions:
Toolchain:       MDK-ARM Professional  Version: 5.21a
Toolchain Path:  D:\MDK\ARM\ARMCC\Bin
C Compiler:      Armcc.exe V5.06 update 3 (build 300)
Assembler:       Armasm.exe V5.06 update 3 (build 300)
Linker/Locator:  ArmLink.exe V5.06 update 3 (build 300)
Library Manager: ArmAr.exe V5.06 update 3 (build 300)
Hex Converter:   FromElf.exe V5.06 update 3 (build 300)
CPU DLL:         SARMCM3.DLL V5.21a
Dialog DLL:      DCM.DLL V1.13.8.0
Target DLL:      STLink\ST-LINKIII-KEIL_SWO.dll V2.0.18.0
Dialog DLL:      TCM.DLL V1.14.14.0
 
<h2>Project:</h2>
D:\DEMO-EXTI-systickµÈ\Project\RVMDK\EID-V2.uvprojx
Project File Date:  12/01/2025

<h2>Output:</h2>
*** Using Compiler 'V5.06 update 3 (build 300)', folder: 'D:\MDK\ARM\ARMCC\Bin'
Build target 'STM3210E-EVAL'
compiling main.c...
..\src\LED.h(9): warning:  #1295-D: Deprecated declaration Refresh_Display - give arg types
  void Refresh_Display();
..\src\LED.h(10): warning:  #1-D: last line of file ends without a newline
  #endif
..\src\key.h(14): warning:  #1-D: last line of file ends without a newline
  #endif
..\inc\EXTI.h(21): warning:  #1-D: last line of file ends without a newline
  /******END OF FILE****/
..\src\main.c(154): warning:  #223-D: function "delay_ms2" declared implicitly
  		delay_ms2(5);
..\src\main.c(158): warning:  #111-D: statement is unreachable
    return 1;
..\src\main.c(110): warning:  #177-D: variable "stable_key" was declared but never referenced
  int stable_key = -1; // ???????
..\src\main.c: 7 warnings, 0 errors
linking...
Program Size: Code=3212 RO-data=368 RW-data=92 ZI-data=916  
".\Obj\STM3210E-EVAL.axf" - 0 Error(s), 7 Warning(s).

<h2>Collection of Component include folders:</h2>
  D:\DEMO-EXTI-systickµÈ\Project\RVMDK\RTE
  D:\MDK\ARM\PACK\Keil\STM32F1xx_DFP\2.1.0\Device\Include

<h2>Collection of Component Files used:</h2>
Build Time Elapsed:  00:00:01
</pre>
</body>
</html>
